// Jest Snapshot v1, https://goo.gl/fbAQLP

exports[`Header component matches snapshot DOM node structure 1`] = `
<DocumentFragment>
  <header
    class="flex-row"
  >
    <a
      data-testid="link"
      href="/"
    >
      <h2>
        Naferi
      </h2>
    </a>
    <nav
      class="text-center"
    >
      <ul
        class="flex-row"
      >
        <li
          class="mx-2"
        >
           
          <a
            data-testid="about"
            href="#about"
          >
            About
          </a>
        </li>
        <li
          to="/contact"
        >
          <span>
            Contact
          </span>
        </li>
        <li
          class="mx-2"
        >
          <a
            href="#resume"
          >
            Resume
          </a>
        </li>
        <li
          class="mx-1"
        >
          <span>
            Projects
          </span>
        </li>
        <li
          class="mx-1"
        >
          <span>
            Front
          </span>
        </li>
        <li
          class="mx-1"
        >
          <span>
            Back
          </span>
        </li>
      </ul>
    </nav>
  </header>
</DocumentFragment>
`;
